// Jest Snapshot v1, https://goo.gl/fbAQLP

exports[`MenuNavBar.vue test initial rendering 1`] = `"<header class=\\"mdl-layout__header mdl-color--grey-800\\"><div class=\\"mdl-layout__header-row\\"><span class=\\"mdl-layout-title\\">GitVub</span> <div class=\\"mdl-layout-spacer\\"></div> <div class=\\"mdl-textfield mdl-js-textfield mdl-textfield--expandable mdl-textfield--floating-label mdl-textfield--align-right\\"><label for=\\"waterfall-exp\\" class=\\"mdl-button mdl-js-button mdl-button--icon\\"><i class=\\"material-icons\\">search</i></label> <div class=\\"mdl-textfield__expandable-holder\\"><input id=\\"waterfall-exp\\" type=\\"text\\" name=\\"sample\\" class=\\"mdl-textfield__input\\"></div></div></div></header>"`;

exports[`MenuNavBar.vue test initial rendering on Welcome 1`] = `"<header class=\\"mdl-layout__header mdl-layout__header--transparent\\"><div class=\\"mdl-layout__header-row\\"><span class=\\"mdl-layout-title\\">GitVub</span> <div class=\\"mdl-layout-spacer\\"></div> <div class=\\"mdl-textfield mdl-js-textfield mdl-textfield--expandable mdl-textfield--floating-label mdl-textfield--align-right\\"><label for=\\"waterfall-exp\\" class=\\"mdl-button mdl-js-button mdl-button--icon\\"><i class=\\"material-icons\\">search</i></label> <div class=\\"mdl-textfield__expandable-holder\\"><input id=\\"waterfall-exp\\" type=\\"text\\" name=\\"sample\\" class=\\"mdl-textfield__input\\"></div></div></div></header>"`;
