// Jest Snapshot v1, https://goo.gl/fbAQLP

exports[`OfflineNotification.vue test initial rendering (when offline) 1`] = `"<div class=\\"alert alert-info\\" name=\\"fade\\"><span>⚠️ You are offline.</span></div>"`;

exports[`OfflineNotification.vue test initial rendering (when online) 1`] = `"<div class=\\"alert alert-info\\" style=\\"display: none;\\" name=\\"fade\\"><span>⚠️ You are offline.</span></div>"`;
