// Jest Snapshot v1, https://goo.gl/fbAQLP

exports[`RepoList.vue test initial rendering 1`] = `"<section class=\\"section--center mdl-grid mdl-grid--no-spacing mdl-shadow--2dp\\"><div class=\\"mdl-card mdl-cell mdl-cell--12-col\\"><div class=\\"mdl-card__supporting-text mdl-grid mdl-grid--no-spacing\\"><div class=\\"section__text mdl-cell mdl-cell--12-col\\"><h5>test-repo</h5> <p>I'm a test repo</p> <!----> <!----> <!----> <!----></div> <!----></div></div></section>"`;

exports[`RepoList.vue test initial rendering without props 1`] = `"<section class=\\"section--center mdl-grid mdl-grid--no-spacing mdl-shadow--2dp\\"><div class=\\"mdl-card mdl-cell mdl-cell--12-col\\"><div class=\\"mdl-card__supporting-text mdl-grid mdl-grid--no-spacing\\"> <div class=\\"section__text mdl-cell mdl-cell--12-col\\"><h5>This user doesn't have any repositories.</h5></div></div></div></section>"`;
